[2026-06-20T15:04:52.278Z] TypeError: pdfParse is not a function
    at performStructuralConversion (C:\Users\User\OneDrive\Desktop\Projet_signature\backend\src\routes\convert.routes.js:161:28)
    at C:\Users\User\OneDrive\Desktop\Projet_signature\backend\src\routes\convert.routes.js:110:26
    at Layer.handleRequest (C:\Users\User\OneDrive\Desktop\Projet_signature\backend\node_modules\router\lib\layer.js:152:17)
    at next (C:\Users\User\OneDrive\Desktop\Projet_signature\backend\node_modules\router\lib\route.js:157:13)
    at done (C:\Users\User\OneDrive\Desktop\Projet_signature\backend\node_modules\multer\lib\make-middleware.js:47:7)
    at indicateDone (C:\Users\User\OneDrive\Desktop\Projet_signature\backend\node_modules\multer\lib\make-middleware.js:51:68)
    at C:\Users\User\OneDrive\Desktop\Projet_signature\backend\node_modules\multer\lib\make-middleware.js:157:11
    at WriteStream.<anonymous> (C:\Users\User\OneDrive\Desktop\Projet_signature\backend\node_modules\multer\storage\disk.js:43:9)
    at WriteStream.emit (node:events:520:35)
    at finish (node:internal/streams/writable:953:10)
[2026-06-20T15:09:43.363Z] TypeError: pdfExtract is not a function
    at performStructuralConversion (C:\Users\User\OneDrive\Desktop\Projet_signature\backend\src\routes\convert.routes.js:168:28)
    at C:\Users\User\OneDrive\Desktop\Projet_signature\backend\src\routes\convert.routes.js:110:26
    at Layer.handleRequest (C:\Users\User\OneDrive\Desktop\Projet_signature\backend\node_modules\router\lib\layer.js:152:17)
    at next (C:\Users\User\OneDrive\Desktop\Projet_signature\backend\node_modules\router\lib\route.js:157:13)
    at done (C:\Users\User\OneDrive\Desktop\Projet_signature\backend\node_modules\multer\lib\make-middleware.js:47:7)
    at indicateDone (C:\Users\User\OneDrive\Desktop\Projet_signature\backend\node_modules\multer\lib\make-middleware.js:51:68)
    at C:\Users\User\OneDrive\Desktop\Projet_signature\backend\node_modules\multer\lib\make-middleware.js:157:11
    at WriteStream.<anonymous> (C:\Users\User\OneDrive\Desktop\Projet_signature\backend\node_modules\multer\storage\disk.js:43:9)
    at WriteStream.emit (node:events:520:35)
    at finish (node:internal/streams/writable:953:10)
[2026-06-20T15:09:57.150Z] TypeError: pdfExtract is not a function
    at performStructuralConversion (C:\Users\User\OneDrive\Desktop\Projet_signature\backend\src\routes\convert.routes.js:168:28)
    at C:\Users\User\OneDrive\Desktop\Projet_signature\backend\src\routes\convert.routes.js:110:26
    at Layer.handleRequest (C:\Users\User\OneDrive\Desktop\Projet_signature\backend\node_modules\router\lib\layer.js:152:17)
    at next (C:\Users\User\OneDrive\Desktop\Projet_signature\backend\node_modules\router\lib\route.js:157:13)
    at done (C:\Users\User\OneDrive\Desktop\Projet_signature\backend\node_modules\multer\lib\make-middleware.js:47:7)
    at indicateDone (C:\Users\User\OneDrive\Desktop\Projet_signature\backend\node_modules\multer\lib\make-middleware.js:51:68)
    at C:\Users\User\OneDrive\Desktop\Projet_signature\backend\node_modules\multer\lib\make-middleware.js:157:11
    at WriteStream.<anonymous> (C:\Users\User\OneDrive\Desktop\Projet_signature\backend\node_modules\multer\storage\disk.js:43:9)
    at WriteStream.emit (node:events:520:35)
    at finish (node:internal/streams/writable:953:10)
[2026-06-20T15:19:07.146Z] TypeError: Class constructors cannot be invoked without 'new'
    at performStructuralConversion (C:\Users\User\OneDrive\Desktop\Projet_signature\backend\src\routes\convert.routes.js:187:28)
    at C:\Users\User\OneDrive\Desktop\Projet_signature\backend\src\routes\convert.routes.js:110:26
    at Layer.handleRequest (C:\Users\User\OneDrive\Desktop\Projet_signature\backend\node_modules\router\lib\layer.js:152:17)
    at next (C:\Users\User\OneDrive\Desktop\Projet_signature\backend\node_modules\router\lib\route.js:157:13)
    at done (C:\Users\User\OneDrive\Desktop\Projet_signature\backend\node_modules\multer\lib\make-middleware.js:47:7)
    at indicateDone (C:\Users\User\OneDrive\Desktop\Projet_signature\backend\node_modules\multer\lib\make-middleware.js:51:68)
    at C:\Users\User\OneDrive\Desktop\Projet_signature\backend\node_modules\multer\lib\make-middleware.js:157:11
    at WriteStream.<anonymous> (C:\Users\User\OneDrive\Desktop\Projet_signature\backend\node_modules\multer\storage\disk.js:43:9)
    at WriteStream.emit (node:events:520:35)
    at finish (node:internal/streams/writable:953:10)
[2026-06-20T15:19:50.435Z] TypeError: Cannot read properties of undefined (reading 'split')
    at performStructuralConversion (C:\Users\User\OneDrive\Desktop\Projet_signature\backend\src\routes\convert.routes.js:200:31)
    at process.processTicksAndRejections (node:internal/process/task_queues:103:5)
    at async C:\Users\User\OneDrive\Desktop\Projet_signature\backend\src\routes\convert.routes.js:110:20
[2026-06-20T15:20:30.799Z] Error: Please provide binary data as `Uint8Array`, rather than `Buffer`.
    at C:\Users\User\OneDrive\Desktop\Projet_signature\backend\node_modules\pdf-parse\dist\pdf-parse\cjs\index.cjs:1:270929
    at Hs (C:\Users\User\OneDrive\Desktop\Projet_signature\backend\node_modules\pdf-parse\dist\pdf-parse\cjs\index.cjs:1:271356)
    at exports.PDFParse.load (C:\Users\User\OneDrive\Desktop\Projet_signature\backend\node_modules\pdf-parse\dist\pdf-parse\cjs\index.cjs:1:472482)
    at exports.PDFParse.getText (C:\Users\User\OneDrive\Desktop\Projet_signature\backend\node_modules\pdf-parse\dist\pdf-parse\cjs\index.cjs:1:472038)
    at performStructuralConversion (C:\Users\User\OneDrive\Desktop\Projet_signature\backend\src\routes\convert.routes.js:205:95)
    at C:\Users\User\OneDrive\Desktop\Projet_signature\backend\src\routes\convert.routes.js:110:26
    at Layer.handleRequest (C:\Users\User\OneDrive\Desktop\Projet_signature\backend\node_modules\router\lib\layer.js:152:17)
    at next (C:\Users\User\OneDrive\Desktop\Projet_signature\backend\node_modules\router\lib\route.js:157:13)
    at done (C:\Users\User\OneDrive\Desktop\Projet_signature\backend\node_modules\multer\lib\make-middleware.js:47:7)
    at indicateDone (C:\Users\User\OneDrive\Desktop\Projet_signature\backend\node_modules\multer\lib\make-middleware.js:51:68)
[2026-06-20T15:21:18.277Z] TypeError: Cannot read properties of undefined (reading 'verbosity')
    at new exports.PDFParse (C:\Users\User\OneDrive\Desktop\Projet_signature\backend\node_modules\pdf-parse\dist\pdf-parse\cjs\index.cjs:1:470673)
    at performStructuralConversion (C:\Users\User\OneDrive\Desktop\Projet_signature\backend\src\routes\convert.routes.js:195:24)
    at C:\Users\User\OneDrive\Desktop\Projet_signature\backend\src\routes\convert.routes.js:110:26
    at Layer.handleRequest (C:\Users\User\OneDrive\Desktop\Projet_signature\backend\node_modules\router\lib\layer.js:152:17)
    at next (C:\Users\User\OneDrive\Desktop\Projet_signature\backend\node_modules\router\lib\route.js:157:13)
    at done (C:\Users\User\OneDrive\Desktop\Projet_signature\backend\node_modules\multer\lib\make-middleware.js:47:7)
    at indicateDone (C:\Users\User\OneDrive\Desktop\Projet_signature\backend\node_modules\multer\lib\make-middleware.js:51:68)
    at C:\Users\User\OneDrive\Desktop\Projet_signature\backend\node_modules\multer\lib\make-middleware.js:157:11
    at WriteStream.<anonymous> (C:\Users\User\OneDrive\Desktop\Projet_signature\backend\node_modules\multer\storage\disk.js:43:9)
    at WriteStream.emit (node:events:520:35)
[2026-06-20T15:21:57.013Z] Error: getDocument - no `url` parameter provided.
    at C:\Users\User\OneDrive\Desktop\Projet_signature\backend\node_modules\pdf-parse\dist\pdf-parse\cjs\index.cjs:1:273996
    at process.processTicksAndRejections (node:internal/process/task_queues:103:5)
[2026-06-20T15:22:23.092Z] Error: getDocument - no `url` parameter provided.
    at C:\Users\User\OneDrive\Desktop\Projet_signature\backend\node_modules\pdf-parse\dist\pdf-parse\cjs\index.cjs:1:273996
    at process.processTicksAndRejections (node:internal/process/task_queues:103:5)
[2026-06-20T15:22:55.039Z] Error: getDocument - no `url` parameter provided.
    at C:\Users\User\OneDrive\Desktop\Projet_signature\backend\node_modules\pdf-parse\dist\pdf-parse\cjs\index.cjs:1:273996
    at process.processTicksAndRejections (node:internal/process/task_queues:103:5)
[2026-06-20T15:24:34.627Z] Error: Cannot find module 'pdfjs-dist/legacy/build/pdf.js'
Require stack:
- C:\Users\User\OneDrive\Desktop\Projet_signature\backend\src\routes\convert.routes.js
- C:\Users\User\OneDrive\Desktop\Projet_signature\backend\server.js
    at Module._resolveFilename (node:internal/modules/cjs/loader:1421:15)
    at defaultResolveImpl (node:internal/modules/cjs/loader:1059:19)
    at resolveForCJSWithHooks (node:internal/modules/cjs/loader:1064:22)
    at Module._load (node:internal/modules/cjs/loader:1227:37)
    at TracingChannel.traceSync (node:diagnostics_channel:328:14)
    at wrapModuleLoad (node:internal/modules/cjs/loader:245:24)
    at Module.require (node:internal/modules/cjs/loader:1504:12)
    at require (node:internal/modules/helpers:152:16)
    at performStructuralConversion (C:\Users\User\OneDrive\Desktop\Projet_signature\backend\src\routes\convert.routes.js:162:26)
    at C:\Users\User\OneDrive\Desktop\Projet_signature\backend\src\routes\convert.routes.js:110:26
[2026-06-20T15:26:39.445Z] ReferenceError: DOMMatrix is not defined
    at file:///C:/Users/User/OneDrive/Desktop/Projet_signature/backend/node_modules/pdfjs-dist/build/pdf.mjs:9387:22
    at ModuleJob.run (node:internal/modules/esm/module_job:377:25)
    at process.processTicksAndRejections (node:internal/process/task_queues:103:5)
    at async onImport.tracePromise.__proto__ (node:internal/modules/esm/loader:671:26)
    at async performStructuralConversion (C:\Users\User\OneDrive\Desktop\Projet_signature\backend\src\routes\convert.routes.js:162:26)
    at async C:\Users\User\OneDrive\Desktop\Projet_signature\backend\src\routes\convert.routes.js:110:20
[2026-06-20T15:26:55.241Z] ReferenceError: DOMMatrix is not defined
    at file:///C:/Users/User/OneDrive/Desktop/Projet_signature/backend/node_modules/pdfjs-dist/build/pdf.mjs:9387:22
    at ModuleJob.run (node:internal/modules/esm/module_job:377:25)
    at process.processTicksAndRejections (node:internal/process/task_queues:103:5)
    at async onImport.tracePromise.__proto__ (node:internal/modules/esm/loader:671:26)
    at async performStructuralConversion (C:\Users\User\OneDrive\Desktop\Projet_signature\backend\src\routes\convert.routes.js:162:26)
    at async C:\Users\User\OneDrive\Desktop\Projet_signature\backend\src\routes\convert.routes.js:110:20
